[36m+ agent-team | FLEET / TOPOLOGY -----------------------------------------------------------------------------------------------------------CONNECTED 12:04:05 -+[0m
[36m| Overview  Work  [Fleet]  Activity  Logs  Research  Requirements  Release                                                                             ? Help  |[0m
[36m+--------------------------------------------------------------------------------------------------------------------------------------------------------------+[0m
[36m|   Org Instances [Topology]                                                                                                                      Query: none  |[0m
[36m+--------------------------------------------------------------------------------------------------------------------------------------------------------------+[0m
[36m|   [deployments] pipelines budgets schedules deadlines teams                                                                                                  |[0m
[36m+---------------------------------------------------------------------------------------------------------+----------------------------------------------------+[0m
[36m| > project/child                parent project/root       1 inst / 1 jobs  observed                      | Detail                                             |[0m
[36m|   project/root                 parent root               5 inst / 11 jobs  active                       | agt://child/project/child                          |[0m
[36m|                                                                                                         | parent agt://root/project/root                     |[0m
[36m|                                                                                                         | children 1 instances / 1 jobs                      |[0m
[36m|                                                                                                         | charter agt://child/charter/child                  |[0m
[36m|                                                                                                         | charter state observed                             |[0m
[36m|                                                                                                         | status observed                                    |[0m
[36m|                                                                                                         |                                                    |[0m
[36m|                                                                                                         |                                                    |[0m
[36m|                                                                                                         |                                                    |[0m
[36m|                                                                                                         |                                                    |[0m
[36m|                                                                                                         |                                                    |[0m
[36m|                                                                                                         |                                                    |[0m
[36m|                                                                                                         |                                                    |[0m
[36m|                                                                                                         |                                                    |[0m
[36m|                                                                                                         |                                                    |[0m
[36m|                                                                                                         |                                                    |[0m
[36m|                                                                                                         |                                                    |[0m
[36m|                                                                                                         |                                                    |[0m
[36m|                                                                                                         |                                                    |[0m
[36m|                                                                                                         |                                                    |[0m
[36m|                                                                                                         |                                                    |[0m
[36m|                                                                                                         |                                                    |[0m
[36m|                                                                                                         |                                                    |[0m
[36m|                                                                                                         |                                                    |[0m
[36m|                                                                                                         |                                                    |[0m
[36m|                                                                                                         |                                                    |[0m
[36m|                                                                                                         |                                                    |[0m
[36m|                                                                                                         |                                                    |[0m
[36m|                                                                                                         |                                                    |[0m
[36m|                                                                                                         |                                                    |[0m
[36m|                                                                                                         |                                                    |[0m
[36m|                                                                                                         |                                                    |[0m
[36m|                                                                                                         |                                                    |[0m
[36m|                                                                                                         |                                                    |[0m
[36m|                                                                                                         |                                                    |[0m
[36m|                                                                                                         |                                                    |[0m
[36m|                                                                                                         |                                                    |[0m
[36m|                                                                                                         |                                                    |[0m
[36m+--------------------------------------------------------------------------------------------------------------------------------------------------------------+[0m
[36m|   Filter: none | Snapshot 12:04:05 | collections 3/3 | resources 38/38 | focus topology/list | Opened Fleet / Topology                                       |[0m
[36m| Tab focus  arrows/hjkl move  Enter inspect  [/] section  / filter  p poll  r refresh  ? help  q quit                                                         |[0m
[36m+--------------------------------------------------------------------------------------------------------------------------------------------------------------+[0m