[36m+ agent-team | FLEET / TOPOLOGY -----------------------------------------------------------------------------------------------------------CONNECTED 12:04:05 -+[0m
[36m| Overview  Work  [Fleet]  Activity  Logs  Research  Requirements  Release                                                                             ? Help  |[0m
[36m+--------------------------------------------------------------------------------------------------------------------------------------------------------------+[0m
[36m|   Org Instances [Topology]                                                                                                                      Query: none  |[0m
[36m+--------------------------------------------------------------------------------------------------------------------------------------------------------------+[0m
[36m|   deployments pipelines budgets [schedules] deadlines teams                                                                                                  |[0m
[36m+---------------------------------------------------------------------------------------------------------+----------------------------------------------------+[0m
[36m| > debt-sweep               24h        pending                  team platform                            | Detail                                             |[0m
[36m|   docs-freshness           24h        pending                  team quality                             | debt-sweep                                         |[0m
[36m|   feedback                 4h         pending                  team platform                            | cadence 24h                                        |[0m
[36m|   product-verify           24h        2026-07-10 09:04:05 UTC  team quality                             | last fired pending                                 |[0m
[36m|   release                  168h       pending                  team quality                             | team platform                                      |[0m
[36m|                                                                                                         | payload kind=debt-sweep                            |[0m
[36m|                                                                                                         |                                                    |[0m
[36m|                                                                                                         |                                                    |[0m
[36m|                                                                                                         |                                                    |[0m
[36m|                                                                                                         |                                                    |[0m
[36m|                                                                                                         |                                                    |[0m
[36m|                                                                                                         |                                                    |[0m
[36m|                                                                                                         |                                                    |[0m
[36m|                                                                                                         |                                                    |[0m
[36m|                                                                                                         |                                                    |[0m
[36m|                                                                                                         |                                                    |[0m
[36m|                                                                                                         |                                                    |[0m
[36m|                                                                                                         |                                                    |[0m
[36m|                                                                                                         |                                                    |[0m
[36m|                                                                                                         |                                                    |[0m
[36m|                                                                                                         |                                                    |[0m
[36m|                                                                                                         |                                                    |[0m
[36m|                                                                                                         |                                                    |[0m
[36m|                                                                                                         |                                                    |[0m
[36m|                                                                                                         |                                                    |[0m
[36m|                                                                                                         |                                                    |[0m
[36m|                                                                                                         |                                                    |[0m
[36m|                                                                                                         |                                                    |[0m
[36m|                                                                                                         |                                                    |[0m
[36m|                                                                                                         |                                                    |[0m
[36m|                                                                                                         |                                                    |[0m
[36m|                                                                                                         |                                                    |[0m
[36m|                                                                                                         |                                                    |[0m
[36m|                                                                                                         |                                                    |[0m
[36m|                                                                                                         |                                                    |[0m
[36m|                                                                                                         |                                                    |[0m
[36m|                                                                                                         |                                                    |[0m
[36m|                                                                                                         |                                                    |[0m
[36m|                                                                                                         |                                                    |[0m
[36m+--------------------------------------------------------------------------------------------------------------------------------------------------------------+[0m
[36m|   Filter: none | Snapshot 12:04:05 | collections 3/3 | resources 38/38 | focus topology/list | Opened Fleet / Topology                                       |[0m
[36m| Tab focus  arrows/hjkl move  Enter inspect  [/] section  / filter  p poll  r refresh  ? help  q quit                                                         |[0m
[36m+--------------------------------------------------------------------------------------------------------------------------------------------------------------+[0m