[36m+ agent-team | FLEET / TOPOLOGY -------------------------------------------------------------------CONNECTED 12:04:05 -+[0m
[36m| Overview  Work  [Fleet]  Activity  Logs  Research  Requirements  Release                                     ? Help  |[0m
[36m+----------------------------------------------------------------------------------------------------------------------+[0m
[36m|   Org Instances [Topology]                                                                              Query: none  |[0m
[36m+----------------------------------------------------------------------------------------------------------------------+[0m
[36m|   deployments pipelines [budgets] schedules deadlines teams                                                          |[0m
[36m+---------------------------------------------------------------------------+------------------------------------------+[0m
[36m| > frontend             40M/day cap 2  2 active  0 open                    | Detail                                   |[0m
[36m|   platform             80M/day cap 2  2 active  0 open                    | frontend                                 |[0m
[36m|                                                                           | tokens/day 40M                           |[0m
[36m|                                                                           | jobs cap 2                               |[0m
[36m|                                                                           | 2 active                                 |[0m
[36m|                                                                           | allocation weighted                      |[0m
[36m|                                                                           |                                          |[0m
[36m|                                                                           |                                          |[0m
[36m|                                                                           |                                          |[0m
[36m|                                                                           |                                          |[0m
[36m|                                                                           |                                          |[0m
[36m|                                                                           |                                          |[0m
[36m|                                                                           |                                          |[0m
[36m|                                                                           |                                          |[0m
[36m|                                                                           |                                          |[0m
[36m|                                                                           |                                          |[0m
[36m|                                                                           |                                          |[0m
[36m|                                                                           |                                          |[0m
[36m|                                                                           |                                          |[0m
[36m+----------------------------------------------------------------------------------------------------------------------+[0m
[36m|   Filter: none | Snapshot 12:04:05 | collections 3/3 | resources 38/38 | focus topology/list | Opened Fleet / Top... |[0m
[36m| Tab focus  arrows/hjkl move  Enter inspect  [/] section  / filter  p poll  r refresh  ? help  q quit                 |[0m
[36m+----------------------------------------------------------------------------------------------------------------------+[0m