+ agent-team | FLEET / TOPOLOGY -------------------------------------------------------------------CONNECTED 12:04:05 -+
| Overview  Work  [Fleet]  Activity  Logs  Research  Requirements  Release                                     ? Help  |
+----------------------------------------------------------------------------------------------------------------------+
|   Org Instances [Topology]                                                                              Query: none  |
+----------------------------------------------------------------------------------------------------------------------+
|   deployments pipelines [budgets] schedules deadlines teams                                                          |
+---------------------------------------------------------------------------+------------------------------------------+
| > frontend             40M/day cap 2  2 active  0 open                    | Detail                                   |
|   platform             80M/day cap 2  2 active  0 open                    | frontend                                 |
|                                                                           | tokens/day 40M                           |
|                                                                           | jobs cap 2                               |
|                                                                           | 2 active                                 |
|                                                                           | allocation weighted                      |
|                                                                           |                                          |
|                                                                           |                                          |
|                                                                           |                                          |
|                                                                           |                                          |
|                                                                           |                                          |
|                                                                           |                                          |
|                                                                           |                                          |
|                                                                           |                                          |
|                                                                           |                                          |
|                                                                           |                                          |
|                                                                           |                                          |
|                                                                           |                                          |
|                                                                           |                                          |
+----------------------------------------------------------------------------------------------------------------------+
|   Filter: none | Snapshot 12:04:05 | collections 3/3 | resources 38/38 | focus topology/list | Opened Fleet / Top... |
| Tab focus  arrows/hjkl move  Enter inspect  [/] section  / filter  p poll  r refresh  ? help  q quit                 |
+----------------------------------------------------------------------------------------------------------------------+