[36m+ agent-team | FLEET / TOPOLOGY ---------------------------CONNECTED 12:04:05 -+[0m
[36m| Overview Work [Fleet] Activity Logs More...                          ? Help  |[0m
[36m+------------------------------------------------------------------------------+[0m
[36m|   Org Instances [Topology]                                      Query: none  |[0m
[36m+------------------------------------------------------------------------------+[0m
[36m|   deployments pipelines budgets schedules deadlines [teams]                  |[0m
[36m+------------------------------------------------------------------------------+[0m
[36m| > frontend             2 instances  1 pipelines  1 channels  2 active        |[0m
[36m|   platform             2 instances  1 pipelines  2 channels  2 active        |[0m
[36m|   quality              2 instances  2 pipelines  1 channels  3 active        |[0m
[36m|                                                                              |[0m
[36m|                                                                              |[0m
[36m|                                                                              |[0m
[36m|                                                                              |[0m
[36m|                                                                              |[0m
[36m|                                                                              |[0m
[36m|                                                                              |[0m
[36m|                                                                              |[0m
[36m|                                                                              |[0m
[36m|                                                                              |[0m
[36m+------------------------------------------------------------------------------+[0m
[36m|   Filter: none | Snapshot 12:04:05 | collections 3/3 | resources 38/38 | ... |[0m
[36m| Tab focus  Enter inspect  [/] section  / filter  r refresh  ? help  q quit   |[0m
[36m+------------------------------------------------------------------------------+[0m