+ agent-team | FLEET / INSTANCES ----------------------------------------------------------------------------------------------------------CONNECTED 12:04:05 -+
| Overview  Work  [Fleet]  Activity  Logs  Research  Requirements  Release                                                                             ? Help  |
+--------------------------------------------------------------------------------------------------------------------------------------------------------------+
| > Org [Instances] Topology                                                                                                                      Query: none  |
+---------------------------------------------------------------------------------------------------------+----------------------------------------------------+
| Instances                                                                                               | Detail                                             |
|   NAME                     AGENT          STATUS       PHASE       MODEL/TIER                           | comms                                              |
|   comms                    comms          stopped      idle        not reported                         | agent comms                                        |
|   frontend-worker-1        worker         running      implementing not reported                        | lifecycle stopped                                  |
|   manager                  manager        running      idle        not reported                         | phase idle                                         |
|   platform-worker-2        worker         running      implementing not reported                        | job -                                              |
|   reviewer-gh382           reviewer       running      implementing not reported                        | ticket -                                           |
|   verifier-2               verifier       crashed      idle        not reported                         | model/tier not reported                            |
|                                                                                                         | runtime codex                                      |
|                                                                                                         | description waiting                                |
|                                                                                                         |                                                    |
|                                                                                                         |                                                    |
|                                                                                                         |                                                    |
|                                                                                                         |                                                    |
|                                                                                                         |                                                    |
|                                                                                                         |                                                    |
|                                                                                                         |                                                    |
|                                                                                                         |                                                    |
|                                                                                                         |                                                    |
|                                                                                                         |                                                    |
|                                                                                                         |                                                    |
|                                                                                                         |                                                    |
|                                                                                                         |                                                    |
|                                                                                                         |                                                    |
|                                                                                                         |                                                    |
|                                                                                                         |                                                    |
|                                                                                                         |                                                    |
|                                                                                                         |                                                    |
|                                                                                                         |                                                    |
|                                                                                                         |                                                    |
|                                                                                                         |                                                    |
|                                                                                                         |                                                    |
|                                                                                                         |                                                    |
|                                                                                                         |                                                    |
|                                                                                                         |                                                    |
|                                                                                                         |                                                    |
|                                                                                                         |                                                    |
|                                                                                                         |                                                    |
|                                                                                                         |                                                    |
|                                                                                                         |                                                    |
|                                                                                                         |                                                    |
+--------------------------------------------------------------------------------------------------------------------------------------------------------------+
|   Filter: none | Snapshot 12:04:05 | collections 3/3 | resources 38/38 | focus screen/tabs | Opened Fleet / Instances                                        |
| Tab focus  arrows/hjkl move  Enter inspect  [/] section  / filter  p poll  r refresh  ? help  q quit                                                         |
+--------------------------------------------------------------------------------------------------------------------------------------------------------------+