+ agent-team | FLEET / TOPOLOGY -------------------------------------------------------------------CONNECTED 12:04:05 -+
| Overview  Work  [Fleet]  Activity  Logs  Research  Requirements  Release                                     ? Help  |
+----------------------------------------------------------------------------------------------------------------------+
|   Org Instances [Topology]                                                                              Query: none  |
+----------------------------------------------------------------------------------------------------------------------+
|   deployments pipelines budgets schedules deadlines [teams]                                                          |
+---------------------------------------------------------------------------+------------------------------------------+
| > frontend             2 instances  1 pipelines  1 channels  2 active     | Detail                                   |
|   platform             2 instances  1 pipelines  2 channels  2 active     | frontend                                 |
|   quality              2 instances  2 pipelines  1 channels  3 active     | instances 2                              |
|                                                                           | pipelines 1                              |
|                                                                           | channels 1                               |
|                                                                           | 2 active                                 |
|                                                                           |                                          |
|                                                                           |                                          |
|                                                                           |                                          |
|                                                                           |                                          |
|                                                                           |                                          |
|                                                                           |                                          |
|                                                                           |                                          |
|                                                                           |                                          |
|                                                                           |                                          |
|                                                                           |                                          |
|                                                                           |                                          |
|                                                                           |                                          |
|                                                                           |                                          |
+----------------------------------------------------------------------------------------------------------------------+
|   Filter: none | Snapshot 12:04:05 | collections 3/3 | resources 38/38 | focus topology/list | Opened Fleet / Top... |
| Tab focus  arrows/hjkl move  Enter inspect  [/] section  / filter  p poll  r refresh  ? help  q quit                 |
+----------------------------------------------------------------------------------------------------------------------+