[36m+ agent-team | FLEET / TOPOLOGY -----------------------------------------------------------------------------------------------------------CONNECTED 12:04:05 -+[0m
[36m| Overview  Work  [Fleet]  Activity  Logs  Research  Requirements  Release                                                                             ? Help  |[0m
[36m+--------------------------------------------------------------------------------------------------------------------------------------------------------------+[0m
[36m|   Org Instances [Topology]                                                                                                                      Query: none  |[0m
[36m+--------------------------------------------------------------------------------------------------------------------------------------------------------------+[0m
[36m|   deployments [pipelines] budgets schedules deadlines teams                                                                                                  |[0m
[36m+---------------------------------------------------------------------------------------------------------+----------------------------------------------------+[0m
[36m| > frontend_ticket_to_pr        agent.dispatch kind=frontend 2 active                                    | Detail                                             |[0m
[36m|   platform_ticket_to_pr        agent.dispatch kind=platform 2 active                                    | frontend_ticket_to_pr                              |[0m
[36m|   quality                      schedule                     2 active                                    | trigger agent.dispatch kind=frontend               |[0m
[36m|   release                      release.ready                1 active                                    | steps implement -> worker (60M / 1h); review ->... |[0m
[36m|                                                                                                         | 2 active                                           |[0m
[36m|                                                                                                         |                                                    |[0m
[36m|                                                                                                         |                                                    |[0m
[36m|                                                                                                         |                                                    |[0m
[36m|                                                                                                         |                                                    |[0m
[36m|                                                                                                         |                                                    |[0m
[36m|                                                                                                         |                                                    |[0m
[36m|                                                                                                         |                                                    |[0m
[36m|                                                                                                         |                                                    |[0m
[36m|                                                                                                         |                                                    |[0m
[36m|                                                                                                         |                                                    |[0m
[36m|                                                                                                         |                                                    |[0m
[36m|                                                                                                         |                                                    |[0m
[36m|                                                                                                         |                                                    |[0m
[36m|                                                                                                         |                                                    |[0m
[36m|                                                                                                         |                                                    |[0m
[36m|                                                                                                         |                                                    |[0m
[36m|                                                                                                         |                                                    |[0m
[36m|                                                                                                         |                                                    |[0m
[36m|                                                                                                         |                                                    |[0m
[36m|                                                                                                         |                                                    |[0m
[36m|                                                                                                         |                                                    |[0m
[36m|                                                                                                         |                                                    |[0m
[36m|                                                                                                         |                                                    |[0m
[36m|                                                                                                         |                                                    |[0m
[36m|                                                                                                         |                                                    |[0m
[36m|                                                                                                         |                                                    |[0m
[36m|                                                                                                         |                                                    |[0m
[36m|                                                                                                         |                                                    |[0m
[36m|                                                                                                         |                                                    |[0m
[36m|                                                                                                         |                                                    |[0m
[36m|                                                                                                         |                                                    |[0m
[36m|                                                                                                         |                                                    |[0m
[36m|                                                                                                         |                                                    |[0m
[36m|                                                                                                         |                                                    |[0m
[36m+--------------------------------------------------------------------------------------------------------------------------------------------------------------+[0m
[36m|   Filter: none | Snapshot 12:04:05 | collections 3/3 | resources 38/38 | focus topology/list | Opened Fleet / Topology                                       |[0m
[36m| Tab focus  arrows/hjkl move  Enter inspect  [/] section  / filter  p poll  r refresh  ? help  q quit                                                         |[0m
[36m+--------------------------------------------------------------------------------------------------------------------------------------------------------------+[0m