+ agent-team | FLEET / TOPOLOGY -------------------------------------------------------------------CONNECTED 12:04:05 -+
| Overview  Work  [Fleet]  Activity  Logs  Research  Requirements  Release                                     ? Help  |
+----------------------------------------------------------------------------------------------------------------------+
| > Org Instances [Topology]                                                                              Query: none  |
+----------------------------------------------------------------------------------------------------------------------+
|   [deployments] pipelines budgets schedules deadlines teams                                                          |
+---------------------------------------------------------------------------+------------------------------------------+
|   project/child                parent project/root       1 inst / 1 j...  | Detail                                   |
|   project/root                 parent root               5 inst / 11 ...  | Select a topology row for complete de... |
|                                                                           |                                          |
|                                                                           |                                          |
|                                                                           |                                          |
|                                                                           |                                          |
|                                                                           |                                          |
|                                                                           |                                          |
|                                                                           |                                          |
|                                                                           |                                          |
|                                                                           |                                          |
|                                                                           |                                          |
|                                                                           |                                          |
|                                                                           |                                          |
|                                                                           |                                          |
|                                                                           |                                          |
|                                                                           |                                          |
|                                                                           |                                          |
|                                                                           |                                          |
+----------------------------------------------------------------------------------------------------------------------+
|   Filter: none | Snapshot 12:04:05 | collections 3/3 | resources 38/38 | focus screen/tabs | Opened Fleet / Topology |
| Tab focus  arrows/hjkl move  Enter inspect  [/] section  / filter  p poll  r refresh  ? help  q quit                 |
+----------------------------------------------------------------------------------------------------------------------+