[36m+ agent-team | FLEET / TOPOLOGY ---------------------------CONNECTED 12:04:05 -+[0m
[36m| Overview Work [Fleet] Activity Logs More...                          ? Help  |[0m
[36m+------------------------------------------------------------------------------+[0m
[36m|   Org Instances [Topology]                                      Query: none  |[0m
[36m+------------------------------------------------------------------------------+[0m
[36m|   deployments pipelines budgets schedules [deadlines] teams                  |[0m
[36m+------------------------------------------------------------------------------+[0m
[36m| > frontend-worker-1            2026-07-10 13:04:05 UTC  runtime    runtim... |[0m
[36m|   outcome/job-03               2026-07-10 14:04:05 UTC  set        outcom... |[0m
[36m|   outcome/job-08               2026-07-10 15:04:05 UTC  runtime    outcom... |[0m
[36m|                                                                              |[0m
[36m|                                                                              |[0m
[36m|                                                                              |[0m
[36m|                                                                              |[0m
[36m|                                                                              |[0m
[36m|                                                                              |[0m
[36m|                                                                              |[0m
[36m|                                                                              |[0m
[36m|                                                                              |[0m
[36m|                                                                              |[0m
[36m+------------------------------------------------------------------------------+[0m
[36m|   Filter: none | Snapshot 12:04:05 | collections 3/3 | resources 38/38 | ... |[0m
[36m| Tab focus  Enter inspect  [/] section  / filter  r refresh  ? help  q quit   |[0m
[36m+------------------------------------------------------------------------------+[0m