[36m+ agent-team | FLEET / INSTANCES ----------------------------------------------------------------------------------------------------------CONNECTED 12:04:05 -+[0m
[36m| Overview  Work  [Fleet]  Activity  Logs  Research  Requirements  Release                                                                             ? Help  |[0m
[36m+--------------------------------------------------------------------------------------------------------------------------------------------------------------+[0m
[36m| > Org [Instances] Topology                                                                                                                      Query: none  |[0m
[36m+---------------------------------------------------------------------------------------------------------+----------------------------------------------------+[0m
[36m| Instances                                                                                               | Detail                                             |[0m
[36m|   NAME                     AGENT          STATUS       PHASE       MODEL/TIER                           | comms                                              |[0m
[36m|   comms                    comms          stopped      idle        not reported                         | agent comms                                        |[0m
[36m|   frontend-worker-1        worker         running      implementing not reported                        | lifecycle stopped                                  |[0m
[36m|   manager                  manager        running      idle        not reported                         | phase idle                                         |[0m
[36m|   platform-worker-2        worker         running      implementing not reported                        | job -                                              |[0m
[36m|   reviewer-gh382           reviewer       running      implementing not reported                        | ticket -                                           |[0m
[36m|   verifier-2               verifier       crashed      idle        not reported                         | model/tier not reported                            |[0m
[36m|                                                                                                         | runtime codex                                      |[0m
[36m|                                                                                                         | description waiting                                |[0m
[36m|                                                                                                         |                                                    |[0m
[36m|                                                                                                         |                                                    |[0m
[36m|                                                                                                         |                                                    |[0m
[36m|                                                                                                         |                                                    |[0m
[36m|                                                                                                         |                                                    |[0m
[36m|                                                                                                         |                                                    |[0m
[36m|                                                                                                         |                                                    |[0m
[36m|                                                                                                         |                                                    |[0m
[36m|                                                                                                         |                                                    |[0m
[36m|                                                                                                         |                                                    |[0m
[36m|                                                                                                         |                                                    |[0m
[36m|                                                                                                         |                                                    |[0m
[36m|                                                                                                         |                                                    |[0m
[36m|                                                                                                         |                                                    |[0m
[36m|                                                                                                         |                                                    |[0m
[36m|                                                                                                         |                                                    |[0m
[36m|                                                                                                         |                                                    |[0m
[36m|                                                                                                         |                                                    |[0m
[36m|                                                                                                         |                                                    |[0m
[36m|                                                                                                         |                                                    |[0m
[36m|                                                                                                         |                                                    |[0m
[36m|                                                                                                         |                                                    |[0m
[36m|                                                                                                         |                                                    |[0m
[36m|                                                                                                         |                                                    |[0m
[36m|                                                                                                         |                                                    |[0m
[36m|                                                                                                         |                                                    |[0m
[36m|                                                                                                         |                                                    |[0m
[36m|                                                                                                         |                                                    |[0m
[36m|                                                                                                         |                                                    |[0m
[36m|                                                                                                         |                                                    |[0m
[36m|                                                                                                         |                                                    |[0m
[36m+--------------------------------------------------------------------------------------------------------------------------------------------------------------+[0m
[36m|   Filter: none | Snapshot 12:04:05 | collections 3/3 | resources 38/38 | focus screen/tabs | Opened Fleet / Instances                                        |[0m
[36m| Tab focus  arrows/hjkl move  Enter inspect  [/] section  / filter  p poll  r refresh  ? help  q quit                                                         |[0m
[36m+--------------------------------------------------------------------------------------------------------------------------------------------------------------+[0m