+ agent-team | FLEET / LIVE ORG ---------------------------CONNECTED 12:04:05 -+
| Overview Work [Fleet] Activity Logs More...                          ? Help  |
+------------------------------------------------------------------------------+
| > [Org] Instances Topology                                      Query: none  |
+------------------------------------------------------------------------------+
| Live org                                                                     |
| Auditor: 0 working  1 idle  0 queued  0 crashed                              |
|   auditor                  idle       0/1 running                            |
| Comms: 0 working  1 idle  0 queued  0 crashed                                |
|   comms                    idle       0/1 running / persistent               |
| Manager: 0 working  1 idle  0 queued  0 crashed                              |
|   manager                  idle       1/1 running / persistent               |
| Reviewer: 1 working  0 idle  0 queued  0 crashed                             |
|   reviewer                 working    1/2 running                            |
| Ticket-manager: 0 working  1 idle  0 queued  0 crashed                       |
|   ticket-manager           idle       0/1 running                            |
| Verifier: 0 working  0 idle  0 queued  1 crashed                             |
|   verifier                 crashed    0/2 running                            |
| Worker: 2 working  0 idle  0 queued  0 crashed                               |
|   frontend-worker          working    2/2 running / 1 queued                 |
+------------------------------------------------------------------------------+
|   Filter: none | Snapshot 12:04:05 | collections 3/3 | resources 38/38 | ... |
| Tab focus  Enter inspect  [/] section  / filter  r refresh  ? help  q quit   |
+------------------------------------------------------------------------------+