[36m+ agent-team | OVERVIEW ---------------------------------------------------------------------------CONNECTED 12:04:05 -+[0m
[36m| [Overview]  Work  Fleet  Activity  Logs  Research  Requirements  Release                                     ? Help  |[0m
[36m+----------------------------------------------------------------------------------------------------------------------+[0m
[36m+ Summary --------------------------------------------------|-Attention------------------------------------------------+[0m
[36m| > Fleet       instances 6    running 4    teams 3         |   job      job-03                   failed         re... |[0m
[36m|   Work        jobs 12        active 7     blocked 2  ...  |   job      job-08                   blocked        qu... |[0m
[36m| Telemetry   model/tier 4   bounce classes 4   deploym...  |   job      release-2026-07          blocked        pl... |[0m
[36m| Topology    pipelines 4    budgets 2    schedules 5  ...  |   instance verifier-2               crashed        ex... |[0m
[36m|                                                           |   job      gh383-tui-spec           running        fr... |[0m
[36m|                                                           |   job      job-06                   running        pl... |[0m
[36m|                                                           |   job      job-11                   running        re... |[0m
[36m|                                                           |   job      job-04                   queued         qu... |[0m
[36m|                                                           |                                                          |[0m
[36m+ Live org ------------------------------------------------------------------------------------------------------------+[0m
[36m|   auditor          0 working  1 idle  0 crashed  [0/1 running, 0 queued]                                             |[0m
[36m|   comms            0 working  1 idle  0 crashed  [0/1 running, 0 queued]                                             |[0m
[36m|   manager          0 working  1 idle  0 crashed  [1/1 running, 0 queued]                                             |[0m
[36m|   reviewer         1 working  0 idle  0 crashed  [1/2 running, 0 queued]                                             |[0m
[36m|   ticket-manager   0 working  1 idle  0 crashed  [0/1 running, 0 queued]                                             |[0m
[36m|   verifier         0 working  0 idle  1 crashed  [0/2 running, 0 queued]                                             |[0m
[36m|   worker           2 working  0 idle  0 crashed  [3/4 running, 1 queued]                                             |[0m
[36m|                                                           |                                                          |[0m
[36m|                                                           |                                                          |[0m
[36m|                                                           |                                                          |[0m
[36m|                                                           |                                                          |[0m
[36m|                                                           |                                                          |[0m
[36m+----------------------------------------------------------------------------------------------------------------------+[0m
[36m|   Filter: none | Snapshot 12:04:05 | collections 3/3 | resources 38/38 | focus summary/fleet                         |[0m
[36m| Tab focus  arrows/hjkl move  Enter inspect  [/] section  / filter  p poll  r refresh  ? help  q quit                 |[0m
[36m+----------------------------------------------------------------------------------------------------------------------+[0m