[36m+ agent-team | WORK / TELEMETRY -----------------------------------------------------------------------------------------------------------CONNECTED 12:04:05 -+[0m
[36m| Overview  [Work]  Fleet  Activity  Logs  Research  Requirements  Release                                                                             ? Help  |[0m
[36m+--------------------------------------------------------------------------------------------------------------------------------------------------------------+[0m
[36m| > Jobs [Telemetry]                                                                                                                              Query: none  |[0m
[36m+--------------------------------------------------------------------------------------------------------------------------------------------------------------+[0m
[36m| Recent 24 jobs - reported model/tier                                                                                                                         |[0m
[36m|   MODEL / TIER                       JOBS  ACTIVE  BOUNCES                                                                                                   |[0m
[36m|   gpt-5.5 / T1                       3     2       1                                                                                                         |[0m
[36m|   gpt-5.6 / T2                       3     2       2                                                                                                         |[0m
[36m|   gpt-5.6 / T3                       3     2       1                                                                                                         |[0m
[36m|   not reported                       3     1       0                                                                                                         |[0m
[36m+ Bounce classes ----------------------------------------------------------------------------------------------------------------------------------------------+[0m
[36m|   CLASS                         BOUNCES  AFFECTED JOBS                                                                                                       |[0m
[36m|   capability                    1        1                                                                                                                   |[0m
[36m|   infra                         1        1                                                                                                                   |[0m
[36m|   scope                         1        1                                                                                                                   |[0m
[36m|   spec-ambiguity                1        1                                                                                                                   |[0m
[36m|                                                                                                                                                              |[0m
[36m|                                                                                                                                                              |[0m
[36m|                                                                                                                                                              |[0m
[36m|                                                                                                                                                              |[0m
[36m|                                                                                                                                                              |[0m
[36m|                                                                                                                                                              |[0m
[36m|                                                                                                                                                              |[0m
[36m|                                                                                                                                                              |[0m
[36m|                                                                                                                                                              |[0m
[36m|                                                                                                                                                              |[0m
[36m|                                                                                                                                                              |[0m
[36m|                                                                                                                                                              |[0m
[36m|                                                                                                                                                              |[0m
[36m|                                                                                                                                                              |[0m
[36m|                                                                                                                                                              |[0m
[36m|                                                                                                                                                              |[0m
[36m|                                                                                                                                                              |[0m
[36m|                                                                                                                                                              |[0m
[36m|                                                                                                                                                              |[0m
[36m|                                                                                                                                                              |[0m
[36m|                                                                                                                                                              |[0m
[36m|                                                                                                                                                              |[0m
[36m|                                                                                                                                                              |[0m
[36m|                                                                                                                                                              |[0m
[36m|                                                                                                                                                              |[0m
[36m|                                                                                                                                                              |[0m
[36m|                                                                                                                                                              |[0m
[36m|                                                                                                                                                              |[0m
[36m|                                                                                                                                                              |[0m
[36m+--------------------------------------------------------------------------------------------------------------------------------------------------------------+[0m
[36m|   Filter: none | Snapshot 12:04:05 | collections 3/3 | resources 38/38 | focus screen/tabs | Opened Work / Telemetry                                         |[0m
[36m| Tab focus  arrows/hjkl move  Enter inspect  [/] section  / filter  p poll  r refresh  ? help  q quit                                                         |[0m
[36m+--------------------------------------------------------------------------------------------------------------------------------------------------------------+[0m