+ agent-team | WORK / TELEMETRY ---------------------------CONNECTED 12:04:05 -+
| Overview [Work] Fleet Activity Logs More...                          ? Help  |
+------------------------------------------------------------------------------+
| > Jobs [Telemetry]                                              Query: none  |
+------------------------------------------------------------------------------+
| Recent 24 jobs - reported model/tier                                         |
|   MODEL / TIER                       JOBS  ACTIVE  BOUNCES                   |
|   gpt-5.5 / T1                       3     2       1                         |
|   gpt-5.6 / T2                       3     2       2                         |
|   gpt-5.6 / T3                       3     2       1                         |
|   not reported                       3     1       0                         |
+ Bounce classes --------------------------------------------------------------+
|   CLASS                         BOUNCES  AFFECTED JOBS                       |
|   capability                    1        1                                   |
|   infra                         1        1                                   |
|   scope                         1        1                                   |
|   spec-ambiguity                1        1                                   |
|                                                                              |
|                                                                              |
|                                                                              |
+------------------------------------------------------------------------------+
|   Filter: none | Snapshot 12:04:05 | collections 3/3 | resources 38/38 | ... |
| Tab focus  Enter inspect  [/] section  / filter  r refresh  ? help  q quit   |
+------------------------------------------------------------------------------+